OCTET STRING,16,40,42,45,46,66,71,73,79,90,98,103,109,110,122,128,129,135,142,146,152,163,164,165,166,167,169,181,182,195,196,198,200,204,209,210,215,217,218,231,253,261,262,279,287,288,289,290,292,294,295,334,339,340,341,342,348,364,400,402,403,404,405,407,413,414,417,419,420,421,424,425,432,435,437,444,445,446,451,452
INTEGER,43,55,56,58,59,62,65,67,68,72,75,87,91,92,104,105,111,136,141,144,145,159,170,184,186,189,201,208,212,223,225,226,228,232,244,245,250,251,255,256,259,280,281,291,293,303,305,311,315,322,331,336,337,338,343,344,345,346,347,349,350,353,354,355,356,357,358,359,363,385,386,387,388,389,391,392,393,394,395,396,397,398,411,412,415,416,418,422,423,438,439,440
AbsoluteAmount,62,225,226,349,350,353,354,355,356,357,358,359,397,398,411,412,415,422,423
AsciiString,42,46,66,73,90,98,110,122,142,163,164,165,166,167,169,182,195,196,198,200,204,217,231,261,262,279,287,288,289,290,292,294,295,334,339,340,341,342,364,400,402,413,414,417,419,424,425,432,435,437,445,446,452
Bid,122,198
BCDString,128,129,152,403,404,405,407,444,451
ChargeType,71
ChargedItem,66
Currency,135,210,348
DateTime,44,74,76,88,260,300,301,302,384,410,447
DateTimeLong,101,107,108,133,227
HexString,40,209,218
LocalTimeStamp,16
NumberString,16,71,103,109,146,181,215,253
PercentageRate,92
PlmnId,169,182,196
UtcTimeOffset,231
UtcTimeOffsetCode,232
