0,BindRequest
1,BindResponse
2,UnbindRequest
3,SearchRequest
4,SearchResultEntry
5,SearchResultDone
6,ModifyRequest
7,ModifyResponse
8,AddRequest
9,AddResponse
10,DelRequest
11,DelResponse
12,ModifyDNRequest
13,ModifyDNResponse
14,CompareRequest
15,CompareResponse
16,AbandonRequest
19,SearchResultReference
23,ExtendedRequest
24,ExtendedResponse
