1,Document
2,Records
3,Record
4,Header
5,Footer
123,Location
124,From
125,To
