AbandonRequest,1,1,16
AddRequest,0,1,8
AddResponse,0,1,9
AssertionValue,1,0,4
AttributeDescription,1,0,4
AttributeDescriptionList,0,0,16
AttributeList,0,0,16
AttributeTypeAndValues,0,0,16
AttributeValue,1,0,4
AttributeValueAssertion,0,0,16
AttributeValues,0,0,17
BOOLEAN,0,0,1
BindRequest,0,1,0
BindResponse,0,1,1
CompareRequest,0,1,14
CompareResponse,0,1,15
Control,0,0,16
Controls,0,0,16
DelRequest,1,1,10
DelResponse,0,1,11
ExtendedRequest,0,1,23
ExtendedResponse,0,1,24
FilterSet,0,0,17
INTEGER,1,0,2
LDAPDN,1,0,4
LDAPMessage,0,0,16
LDAPOID,1,0,4
LDAPResult,0,0,16
LDAPString,1,0,4
LDAPURL,1,0,4
MatchingRuleAssertion,0,0,16
MatchingRuleId,1,0,4
MessageID,1,0,2
ModifyDNRequest,0,1,12
ModifyDNResponse,0,1,13
ModifyRequest,0,1,6
ModifyResponse,0,1,7
NULL,0,0,5
OCTET STRING,1,0,4
PartialAttributeList,0,0,16
Referral,0,0,16
RelativeLDAPDN,1,0,4
SaslCredentials,0,0,16
SearchRequest,0,1,3
SearchResultDone,0,1,5
SearchResultEntry,0,1,4
SearchResultReference,0,1,19
SubstringFilter,0,0,16
Substrings,0,0,16
UnbindRequest,1,1,2
