Date,1,0,4
Document,0,1,1
Footer,0,1,5
From,1,1,124
Header,0,1,4
INTEGER,1,0,2
Location,1,1,123
Number,1,0,2
OCTET STRING,1,0,4
Record,0,1,3
RecordCount,1,0,2
Records,0,1,2
String,1,0,4
To,1,1,125
