ActionReplies,0,0,16
ActionReply,0,0,16
ActionRequest,0,0,16
Actions,0,0,16
AmmRequest,0,0,16
AmmsReply,0,0,16
AuditDescriptor,0,0,16
AuditRequest,0,0,16
AuditResult,0,0,16
AuthData,1,0,4
AuthenticationHeader,0,0,16
BIT STRING,1,0,3
BOOLEAN,0,0,1
CommandReplies,0,0,16
CommandRequest,0,0,16
CommandRequests,0,0,16
ContextAttrAuditRequest,0,0,16
ContextID,1,0,2
ContextRequest,0,0,16
Descriptors,0,0,16
DigitMapDescriptor,0,0,16
DigitMapName,1,0,4
DigitMapValue,0,0,16
DomainName,0,0,16
ESEventParList,0,0,16
ErrorCode,1,0,2
ErrorDescriptor,0,0,16
ErrorText,1,0,22
EvParList,0,0,16
EventBufferControl,1,0,2
EventBufferDescriptor,0,0,16
EventList,0,0,16
EventName,1,0,4
EventParList,0,0,16
EventParameter,0,0,16
EventSpec,0,0,16
EventsDescriptor,0,0,16
H221NonStandard,0,0,16
IA5String,1,0,22
INTEGER,1,0,2
IP4Address,0,0,16
IP6Address,0,0,16
LocalControlDescriptor,0,0,16
LocalRemoteDescriptor,0,0,16
MPL,0,0,16
MTL,0,0,16
MediaDescriptor,0,0,16
MegacoMessage,0,0,16
Message,0,0,16
ModemDescriptor,0,0,16
ModemType,1,0,2
MultiStream,0,0,16
MuxDescriptor,0,0,16
MuxType,1,0,2
NULL,0,0,5
Name,1,0,4
NonStandardData,0,0,16
NotifyCompletion,1,0,3
NotifyReply,0,0,16
NotifyRequest,0,0,16
OBJECT IDENTIFIER,0,0,6
OCTET STRING,1,0,4
ObservedEvent,0,0,16
ObservedEventLst,0,0,16
ObservedEventsDescriptor,0,0,16
PPValue,0,0,16
PackagesDescriptor,0,0,16
PackagesItem,0,0,16
PathName,1,0,22
PkgdName,1,0,4
PropGrps,0,0,16
PropertyGroup,0,0,16
PropertyParm,0,0,16
PropertyParms,0,0,16
Relation,1,0,2
RequestID,1,0,2
RequestedActions,0,0,16
RequestedEvent,0,0,16
SEDEventList,0,0,16
SREEvParList,0,0,16
SecondEventsDescriptor,0,0,16
SecondRequestedActions,0,0,16
SecondRequestedEvent,0,0,16
SecurityParmIndex,1,0,4
SeqSigList,0,0,16
SequenceNum,1,0,4
ServiceChangeMethod,1,0,2
ServiceChangeParm,0,0,16
ServiceChangeProfile,0,0,16
ServiceChangeReply,0,0,16
ServiceChangeRequest,0,0,16
ServiceChangeResParm,0,0,16
ServiceState,1,0,2
SigParList,0,0,16
SigParameter,0,0,16
Signal,0,0,16
SignalList,0,0,16
SignalName,1,0,4
SignalType,1,0,2
SignalsDescriptor,0,0,16
StatisticsDescriptor,0,0,16
StatisticsParameter,0,0,16
StreamDescriptor,0,0,16
StreamID,1,0,2
StreamMode,1,0,2
StreamParms,0,0,16
SubtractRequest,0,0,16
TSDPropertyParms,0,0,16
TermList,0,0,16
TerminationAudit,0,0,16
TerminationID,0,0,16
TerminationIDList,0,0,16
TerminationStateDescriptor,0,0,16
TimeNotation,0,0,16
TopologyReq,0,0,16
TopologyRequest,0,0,16
TransactionAck,0,0,16
TransactionId,1,0,2
TransactionPending,0,0,16
TransactionReply,0,0,16
TransactionRequest,0,0,16
TransactionResponseAck,0,0,16
Transactions,0,0,16
Value,0,0,16
Wildcard,0,0,16
WildcardField,1,0,4
