AbsoluteAmount,1,0,2
AccessPointNameNI,1,1,261
AccessPointNameOI,1,1,262
AccountingInfo,0,1,5
ActualDeliveryTimeStamp,0,1,302
AddressStringDigits,1,0,4
AdvisedCharge,1,1,349
AdvisedChargeCurrency,1,1,348
AdvisedChargeInformation,0,1,351
AgeOfLocation,1,1,396
AsciiString,1,0,4
AuditControlInfo,0,1,15
BCDString,1,0,4
BasicService,0,1,36
BasicServiceCode,0,1,426
BasicServiceCodeList,0,1,37
BasicServiceUsed,0,1,39
BasicServiceUsedList,0,1,38
BatchControlInfo,0,1,4
BearerServiceCode,1,1,40
Bid,1,0,4
CallEventDetailList,0,1,3
CallEventDetailsCount,1,1,43
CallEventStartTimeStamp,0,1,44
CallOriginator,0,1,41
CallReference,1,1,45
CallTypeGroup,0,1,258
CallTypeLevel1,1,1,259
CallTypeLevel2,1,1,255
CallTypeLevel3,1,1,256
CalledNumber,1,1,407
CalledPlace,1,1,42
CalledRegion,1,1,46
CallingNumber,1,1,405
CamelDestinationNumber,1,1,404
CamelInvocationFee,1,1,422
CamelServiceKey,1,1,55
CamelServiceLevel,1,1,56
CamelServiceUsed,0,1,57
CauseForTerm,1,1,58
CellId,1,1,59
Charge,1,1,62
ChargeDetail,0,1,63
ChargeDetailList,0,1,64
ChargeDetailTimeStamp,0,1,410
ChargeInformation,0,1,69
ChargeInformationList,0,1,70
ChargeRefundIndicator,1,1,344
ChargeType,1,1,71
ChargeableSubscriber,0,1,427
ChargeableUnits,1,1,65
ChargedItem,1,1,66
ChargedParty,0,1,436
ChargedPartyEquipment,0,1,323
ChargedPartyHomeIdList,0,1,314
ChargedPartyHomeIdentification,0,1,313
ChargedPartyIdList,0,1,310
ChargedPartyIdType,1,1,305
ChargedPartyIdentification,0,1,309
ChargedPartyIdentifier,1,1,287
ChargedPartyInformation,0,1,324
ChargedPartyLocation,0,1,320
ChargedPartyLocationList,0,1,321
ChargedPartyStatus,1,1,67
ChargedUnits,1,1,68
ChargingId,1,1,72
ChargingPoint,1,1,73
ChargingTimeStamp,0,1,74
ClirIndicator,1,1,75
Code,1,0,2
Commission,1,1,350
CompletionTimeStamp,0,1,76
ContentChargingPoint,1,1,345
ContentProvider,0,1,327
ContentProviderIdList,0,1,328
ContentProviderIdType,1,1,291
ContentProviderIdentifier,1,1,292
ContentProviderName,1,1,334
ContentServiceUsed,0,1,352
ContentServiceUsedList,0,1,285
ContentTransaction,0,1,17
ContentTransactionBasicInfo,0,1,304
ContentTransactionCode,1,1,336
ContentTransactionType,1,1,337
CseInformation,1,1,79
Currency,1,0,4
CurrencyConversion,0,1,106
CurrencyConversionList,0,1,80
CustomerIdType,1,1,363
CustomerIdentifier,1,1,364
DataVolume,1,0,2
DataVolumeIncoming,1,1,250
DataVolumeOutgoing,1,1,251
DateTime,0,0,16
DateTimeLong,0,0,16
DefaultCallHandlingIndicator,1,1,87
DepositTimeStamp,0,1,88
Destination,0,1,89
DestinationNetwork,1,1,90
DialledDigits,1,1,279
Discount,1,1,412
DiscountApplied,0,1,428
DiscountCode,1,1,91
DiscountInformation,0,1,96
DiscountRate,1,1,92
DiscountValue,1,0,2
DiscountableAmount,1,1,423
Discounting,0,1,94
DiscountingList,0,1,95
DistanceChargeBandCode,1,1,98
EarliestCallTimeStamp,0,1,101
ElementId,1,1,437
ElementType,1,1,438
EquipmentId,1,1,290
EquipmentIdType,1,1,322
Esn,1,1,103
EventReference,1,1,435
ExchangeRate,1,1,104
ExchangeRateCode,1,1,105
FileAvailableTimeStamp,0,1,107
FileCreationTimeStamp,0,1,108
FileSequenceNumber,1,1,109
FileTypeIndicator,1,1,110
FixedDiscountValue,1,1,411
Fnur,1,1,111
GeographicalLocation,0,1,113
GprsBasicCallInformation,0,1,114
GprsCall,0,1,14
GprsChargeableSubscriber,0,1,115
GprsDestination,0,1,116
GprsLocationInformation,0,1,117
GprsNetworkLocation,0,1,118
GprsServiceUsed,0,1,121
GsmChargeableSubscriber,0,1,286
GuaranteedBitRate,1,1,420
HSCSDIndicator,1,1,424
HexString,1,0,4
HomeBid,1,1,122
HomeIdType,1,1,311
HomeIdentifier,1,1,288
HomeLocationDescription,1,1,413
HomeLocationInformation,0,1,123
HorizontalAccuracyDelivered,1,1,392
HorizontalAccuracyRequested,1,1,385
IMSSignallingContext,1,1,418
INTEGER,1,0,2
ISPList,0,1,378
Imei,1,1,128
ImeiOrEsn,0,1,429
Imsi,1,1,129
InternetServiceProvider,0,1,329
InternetServiceProviderIdList,0,1,330
IspIdType,1,1,293
IspIdentifier,1,1,294
LCSQosDelivered,0,1,390
LCSQosRequested,0,1,383
LCSRequestTimestamp,0,1,384
LCSSPIdentification,0,1,375
LCSSPIdentificationList,0,1,374
LCSSPInformation,0,1,373
LCSTransactionStatus,1,1,391
LatestCallTimeStamp,0,1,133
LocalCurrency,1,1,135
LocalTimeStamp,1,1,16
LocationArea,1,1,136
LocationDescription,1,0,4
LocationIdType,1,1,315
LocationIdentifier,1,1,289
LocationInformation,0,1,138
LocationService,0,1,297
LocationServiceUsage,0,1,382
MaximumBitRate,1,1,421
Mdn,1,1,253
MessageDescription,1,1,142
MessageDescriptionCode,1,1,141
MessageDescriptionInfoList,0,1,8
MessageDescriptionInformation,0,1,143
MessageStatus,1,1,144
MessageType,1,1,145
MessagingEvent,0,1,433
MessagingEventService,1,1,439
Min,1,1,146
MinChargeableSubscriber,0,1,254
MoBasicCallInformation,0,1,147
MobileOriginatedCall,0,1,9
MobileSession,0,1,434
MobileSessionService,1,1,440
MobileTerminatedCall,0,1,10
Msisdn,1,1,152
MtBasicCallInformation,0,1,153
Network,0,1,332
NetworkAccessIdentifier,1,1,417
NetworkElement,0,1,441
NetworkElementList,0,1,442
NetworkId,1,0,4
NetworkIdType,1,1,331
NetworkIdentifier,1,1,295
NetworkInfo,0,1,6
NetworkInitPDPContext,1,1,245
NetworkList,0,1,333
NetworkLocation,0,1,156
NonChargedNumber,1,1,402
NonChargedParty,0,1,443
NonChargedPartyNumber,1,1,444
NonChargedPublicUserId,1,1,445
Notification,0,1,2
NumberOfDecimalPlaces,1,1,159
NumberString,1,0,4
OCTET STRING,1,0,4
ObjectType,1,1,281
OperatorSpecInfoList,0,1,162
OperatorSpecInformation,1,1,163
OrderPlacedTimeStamp,0,1,300
OriginatingNetwork,1,1,164
PDPContextStartTimestamp,0,1,260
PacketDataProtocolAddress,1,1,165
PaidIndicator,1,1,346
PartialTypeIndicator,1,1,166
PaymentMethod,1,1,347
PdpAddress,1,1,167
PercentageRate,1,0,2
PlmnId,1,1,169
PositioningMethod,1,1,395
PriorityCode,1,1,170
PublicUserId,1,1,446
RapFileSequenceNumber,1,1,181
RecEntityCode,1,1,184
RecEntityCodeList,0,1,185
RecEntityId,1,1,400
RecEntityInfoList,0,1,188
RecEntityInformation,0,1,183
RecEntityType,1,1,186
Recipient,1,1,182
ReleaseVersionNumber,1,1,189
RequestedDeliveryTimeStamp,0,1,301
RequestedDestination,0,1,450
RequestedNumber,1,1,451
RequestedPublicUserId,1,1,452
ResponseTime,1,1,394
ResponseTimeCategory,1,1,387
SMSDestinationNumber,1,1,419
SMSOriginator,1,1,425
ScuBasicInformation,0,1,191
ScuChargeType,0,1,192
ScuChargeableSubscriber,0,1,430
ScuTimeStamps,0,1,193
Sender,1,1,196
ServiceCentreUsage,0,1,12
ServiceStartTimestamp,0,1,447
ServingBid,1,1,198
ServingLocationDescription,1,1,414
ServingNetwork,1,1,195
ServingPartiesInformation,0,1,335
SessionChargeInfoList,0,1,448
SessionChargeInformation,0,1,449
SimChargeableSubscriber,0,1,199
SimToolkitIndicator,1,1,200
SpecificationVersionNumber,1,1,201
SsParameters,1,1,204
SupplServiceActionCode,1,1,208
SupplServiceCode,1,1,209
SupplServiceEvent,0,1,11
SupplServiceUsed,0,1,206
TapCurrency,1,1,210
TapDecimalPlaces,1,1,244
TaxCode,1,1,212
TaxIndicator,1,1,432
TaxInformation,0,1,213
TaxInformationList,0,1,214
TaxRate,1,1,215
TaxType,1,1,217
TaxValue,1,1,397
TaxableAmount,1,1,398
Taxation,0,1,216
TaxationList,0,1,211
TeleServiceCode,1,1,218
ThirdPartyInformation,0,1,219
ThirdPartyNumber,1,1,403
ThreeGcamelDestination,0,1,431
TotalAdvisedCharge,1,1,356
TotalAdvisedChargeRefund,1,1,357
TotalAdvisedChargeValue,0,1,360
TotalAdvisedChargeValueList,0,1,361
TotalCallEventDuration,1,1,223
TotalCharge,1,1,415
TotalChargeRefund,1,1,355
TotalCommission,1,1,358
TotalCommissionRefund,1,1,359
TotalDataVolume,1,1,343
TotalDiscountRefund,1,1,354
TotalDiscountValue,1,1,225
TotalTaxRefund,1,1,353
TotalTaxValue,1,1,226
TotalTransactionDuration,1,1,416
TrackedCustomerEquipment,0,1,381
TrackedCustomerHomeId,0,1,377
TrackedCustomerHomeIdList,0,1,376
TrackedCustomerIdList,0,1,370
TrackedCustomerIdentification,0,1,372
TrackedCustomerInformation,0,1,367
TrackedCustomerLocList,0,1,379
TrackedCustomerLocation,0,1,380
TrackingCustomerEquipment,0,1,371
TrackingCustomerHomeId,0,1,366
TrackingCustomerHomeIdList,0,1,365
TrackingCustomerIdList,0,1,299
TrackingCustomerIdentification,0,1,362
TrackingCustomerInformation,0,1,298
TrackingCustomerLocList,0,1,368
TrackingCustomerLocation,0,1,369
TrackingFrequency,1,1,389
TrackingPeriod,1,1,388
TransactionAuthCode,1,1,342
TransactionDescriptionSupp,1,1,338
TransactionDetailDescription,1,1,339
TransactionIdentifier,1,1,341
TransactionShortDescription,1,1,340
TransactionStatus,1,1,303
TransferBatch,0,1,1
TransferCutOffTimeStamp,0,1,227
TransparencyIndicator,1,1,228
UserProtocolIndicator,1,1,280
UtcTimeOffset,1,1,231
UtcTimeOffsetCode,1,1,232
UtcTimeOffsetInfo,0,1,233
UtcTimeOffsetInfoList,0,1,234
VerticalAccuracyDelivered,1,1,393
VerticalAccuracyRequested,1,1,386
