primitve tags,16,40,42,43,45,46,55,56,58,59,62,65,66,67,68,71,72,73,75,79,87,90,91,92,98,103,104,105,109,110,111,122,128,129,135,136,141,142,144,145,146,152,159,163,164,165,166,167,169,170,181,182,184,186,189,195,196,198,200,201,204,208,209,210,212,215,217,218,223,225,226,228,231,232,244,245,250,251,253,255,256,259,261,262,279,280,281,287,288,289,290,291,292,293,294,295,303,305,311,315,322,331,334,336,337,338,339,340,341,342,343,344,345,346,347,348,349,350,353,354,355,356,357,358,359,363,364,385,386,387,388,389,391,392,393,394,395,396,397,398,400,402,403,404,405,407,411,412,413,414,415,416,417,418,419,420,421,422,423,424,425,432,435,437,438,439,440,444,445,446,451,452
