unreachable,BMPString,CHARACTER STRING,DATE,DATE-TIME,DURATION,EMBEDDED PDV,ENUMERATED,EXTERNAL,GeneralString,GeneralizedTime,GraphicString,NumericString,OID-IRI,ObjectDescriptor,PrintableString,REAL,RELATIVE-OID,RELATIVE-OID-IRI,SEQUENCE,SET,TIME,TIME-OF-DAY,TeletexString,UTCTime,UTF8String,UniversalString,VideotexString,VisibleString
